php : PHP Warning:  Module "openssl" is 
already loaded in Unknown on line 0
No linha:1 caractere:1
+ php test-ldap-ssl.php > test_output.txt 2>&1
+ ~~~~~~~~~~~~~~~~~~~~~~~~~~~~~~~~~~~~~~~~~~~~
    + CategoryInfo          : NotSpecified: ( 
   PHP Warning:  M...known on line 0:String)  
   [], RemoteException
    + FullyQualifiedErrorId : NativeCommandEr 
   ror
 

Warning: Module "openssl" is already loaded in Unknown on line 0
========================================
   TESTE DE CONEX├âO LDAP SSL/TLS
========================================

Configura├º├úo atual:
Host: 10.168.11.80
Porta: 389
Protocolo: ldap
StartTLS: Habilitado

1. Testando LDAP b├ísico (porta 389)...
   Conectando em: ldap://10.168.11.80:389
   Ô£à Configura├º├úo LDAP aplicada: D:\dhcp-viewer\ad-manager\ldap.conf
   Ô£à Certificado CA configurado: 
   Ô£à Certificado CA configurado: D:\dhcp-viewer\ad-manager\ad-certificate.crt
   Ô£à Certificado CA configurado: D:\dhcp-viewer\ad-certificate.crt
   Ô£à Certificado CA configurado: 
   Ô£à Certificado CA configurado: D:\dhcp-viewer\ad-certificate.crt
   Tentando bind com usu├írio de servi├ºo...
   Ô£à Bind bem-sucedido
   Ô£à Busca LDAP bem-sucedida

2. Testando LDAP com StartTLS (porta 389)...
   Conectando em: ldap://10.168.11.80:389
   Ô£à Configura├º├úo LDAP aplicada: D:\dhcp-viewer\ad-manager\ldap.conf
   Ô£à Certificado CA configurado: 
   Ô£à Certificado CA configurado: D:\dhcp-viewer\ad-manager\ad-certificate.crt
   Ô£à Certificado CA configurado: D:\dhcp-viewer\ad-certificate.crt
   Ô£à Certificado CA configurado: 
   Ô£à Certificado CA configurado: D:\dhcp-viewer\ad-certificate.crt
   Iniciando StartTLS...
   ÔØî StartTLS falhou: Server is unavailable

3. Testando LDAPS (porta 636)...
   Conectando em: ldaps://10.168.11.80:636
   Ô£à Configura├º├úo LDAP aplicada: D:\dhcp-viewer\ad-manager\ldap.conf
   Ô£à Certificado CA configurado: 
   Ô£à Certificado CA configurado: D:\dhcp-viewer\ad-manager\ad-certificate.crt
   Ô£à Certificado CA configurado: D:\dhcp-viewer\ad-certificate.crt
   Ô£à Certificado CA configurado: 
   Ô£à Certificado CA configurado: D:\dhcp-viewer\ad-certificate.crt
   Tentando bind com usu├írio de servi├ºo...
   ÔØî Bind falhou: Can't contact LDAP server

4. Verificando certificado SSL...
   Verificando certificado SSL do servidor...
   Testando porta 636...
   ÔØî N├úo foi poss├¡vel conectar na porta 636: 
   Testando porta 443...
   ÔØî N├úo foi poss├¡vel conectar na porta 443: Uma tentativa de conex├úo falhou porque o componente conectado n├úo respondeu
corretamente ap├│s um per├¡odo de tempo ou a conex├úo estabelecida falhou
porque o host conectado n├úo respondeu

========================================
   DIAGN├ôSTICO COMPLETO
========================================
ÔØî /etc/ssl/certs/ad-server.crt n├úo encontrado
ÔØî /etc/ldap/ldap.conf n├úo encontrado

RECOMENDA├ç├òES:
1. Se StartTLS falhar: Configure certificado do AD
2. Se LDAPS falhar: Habilite LDAPS no servidor AD
3. Para produ├º├úo: Use conex├úo segura (StartTLS ou LDAPS)
4. Para teste: LDAP b├ísico (porta 389) funciona para autentica├º├úo
